../Core/Src/main.c:86:5:main	16	static
../Core/Src/main.c:157:6:SystemClock_Config	88	static
../Core/Src/main.c:212:13:MX_USART3_UART_Init	8	static
../Core/Src/main.c:247:13:MX_GPIO_Init	56	static
../Core/Src/main.c:323:5:__io_putchar	16	static
../Core/Src/main.c:334:6:uart_print	16	static
../Core/Src/main.c:339:13:goto_application	16	static,ignoring_inline_asm
../Core/Src/main.c:357:6:http_application	16	static
../Core/Src/main.c:377:7:httpd_post_begin	24	static
../Core/Src/main.c:394:7:httpd_post_receive_data	32	static
../Core/Src/main.c:426:6:httpd_post_finished	40	static
../Core/Src/main.c:456:6:Error_Handler	4	static,ignoring_inline_asm
