../Core/Src/main.c:86:5:main	4
../Core/Src/main.c:157:6:SystemClock_Config	4
../Core/Src/main.c:212:13:MX_USART3_UART_Init	2
../Core/Src/main.c:247:13:MX_GPIO_Init	1
../Core/Src/main.c:323:5:__io_putchar	1
../Core/Src/main.c:334:6:uart_print	1
../Core/Src/main.c:339:13:goto_application	1
../Core/Src/main.c:357:6:http_application	2
../Core/Src/main.c:377:7:httpd_post_begin	2
../Core/Src/main.c:394:7:httpd_post_receive_data	9
../Core/Src/main.c:426:6:httpd_post_finished	4
../Core/Src/main.c:456:6:Error_Handler	1
